// Jest Snapshot v1, https://goo.gl/fbAQLP

exports[`GET /transfer positive should return oid updated daycares 1`] = `
Object {
  "daycare": Array [
    Object {
      "additional_info": null,
      "backup_location": null,
      "capacity": 0,
      "care_area_id": "6529f6ce-9777-11eb-ba8a-8f6495ec5104",
      "closing_date": null,
      "club_apply_period": null,
      "cost_center": "99",
      "created": Any<String>,
      "daycare_apply_period": "[2021-04-20,)",
      "decision_daycare_name": "Tenhon testiyksikkö",
      "decision_handler": "",
      "decision_handler_address": "",
      "decision_preschool_name": "",
      "email": null,
      "enabled_pilot_features": "{}",
      "evaka_id": "19fec146-e2f1-11eb-8473-db55258254c5",
      "finance_decision_handler": null,
      "ghost_unit": false,
      "id": "19fec146-e2f1-11eb-8473-db55258254c5",
      "invoiced_by_municipality": true,
      "language": "fi",
      "language_emphasis_id": null,
      "location": Object {
        "x": 21.55555,
        "y": 61.55555,
      },
      "mailing_po_box": "Testikuja 123",
      "mailing_post_office": "Tenhola",
      "mailing_postal_code": "12000",
      "mailing_street_address": null,
      "name": "Tenhon testiyksikkö",
      "opening_date": "2020-03-01T00:00:00.000Z",
      "operation_days": Array [
        1,
        2,
        3,
        4,
        5,
      ],
      "oph_organizer_oid": "1.2.3.4",
      "oph_unit_oid": "1.2.3.4.5.6",
      "organizer_oid": "1.2.3.4",
      "phone": null,
      "post_office": "Tenhola",
      "postal_code": "12000",
      "preschool_apply_period": null,
      "provider_type": "MUNICIPAL",
      "round_the_clock": false,
      "schedule": null,
      "street_address": "Testikuja 123",
      "type": "{CENTRE}",
      "unit_manager_id": "340ead9c-a1bc-11eb-b5d4-1bc4a624aabe",
      "unit_oid": "1.2.3.4.5.6",
      "updated": Any<String>,
      "upload_children_to_varda": false,
      "upload_to_koski": false,
      "upload_to_varda": false,
      "url": null,
    },
    Object {
      "additional_info": null,
      "backup_location": null,
      "capacity": 0,
      "care_area_id": "6529f5a2-9777-11eb-ba89-cfcda122ed3b",
      "closing_date": null,
      "club_apply_period": null,
      "cost_center": null,
      "created": Any<String>,
      "daycare_apply_period": "[2021-04-20,)",
      "decision_daycare_name": "Pujakan testiyksikkö",
      "decision_handler": "",
      "decision_handler_address": "",
      "decision_preschool_name": "",
      "email": null,
      "enabled_pilot_features": "{}",
      "evaka_id": "19fec1fa-e2f1-11eb-8473-eb1f7ce94b07",
      "finance_decision_handler": null,
      "ghost_unit": false,
      "id": "19fec1fa-e2f1-11eb-8473-eb1f7ce94b07",
      "invoiced_by_municipality": false,
      "language": "fi",
      "language_emphasis_id": null,
      "location": Object {
        "x": 21.66666,
        "y": 61.66666,
      },
      "mailing_po_box": "Testaajankatu 321",
      "mailing_post_office": "Pajuoja",
      "mailing_postal_code": "13000",
      "mailing_street_address": null,
      "name": "Pujakan testiyksikkö",
      "opening_date": "2020-03-01T00:00:00.000Z",
      "operation_days": Array [
        1,
        2,
        3,
        4,
        5,
      ],
      "oph_organizer_oid": "1.2.3.5",
      "oph_unit_oid": "1.2.3.4.5.7",
      "organizer_oid": "1.2.3.5",
      "phone": null,
      "post_office": "Pajuoja",
      "postal_code": "13000",
      "preschool_apply_period": null,
      "provider_type": "MUNICIPAL",
      "round_the_clock": false,
      "schedule": null,
      "street_address": "Testaajankatu 321",
      "type": "{CENTRE}",
      "unit_manager_id": "340eae78-a1bc-11eb-b5d6-b30369678b4c",
      "unit_oid": "1.2.3.4.5.7",
      "updated": Any<String>,
      "upload_children_to_varda": false,
      "upload_to_koski": false,
      "upload_to_varda": false,
      "url": null,
    },
  ],
  "varda_unit": Array [
    Object {
      "created_at": Any<String>,
      "evaka_daycare_id": "19fec146-e2f1-11eb-8473-db55258254c5",
      "uploaded_at": Any<String>,
      "varda_unit_id": "100",
    },
  ],
}
`;

exports[`GET /transfer positive should return transferred absences 1`] = `
Array [
  Object {
    "absence_type": "SICKLEAVE",
    "care_type": "DAYCARE",
    "child_id": Any<String>,
    "date": "2020-03-09T00:00:00.000Z",
    "id": Any<String>,
    "modified_at": Any<String>,
    "modified_by": Any<String>,
  },
]
`;

exports[`GET /transfer positive should return transferred applications 1`] = `
Object {
  "applicationForms": Array [
    Object {
      "application_id": Any<String>,
      "created": Any<String>,
      "document": Object {
        "additionalDetails": Object {
          "allergyType": "",
          "dietType": "",
          "otherInfo": "",
        },
        "apply": Object {
          "preferredUnits": Array [
            "19fec146-e2f1-11eb-8473-db55258254c5",
          ],
          "siblingBasis": false,
          "siblingName": "",
          "siblingSsn": "",
        },
        "careDetails": Object {
          "assistanceDescription": "",
          "assistanceNeeded": false,
          "preparatory": null,
        },
        "child": Object {
          "address": Object {
            "city": "Ypäjä",
            "editable": false,
            "postalCode": "00001",
            "street": "HideStreet 2",
          },
          "childMovingDate": null,
          "correctingAddress": Object {
            "city": "",
            "editable": true,
            "postalCode": "",
            "street": "",
          },
          "dateOfBirth": "2019-06-01",
          "firstName": "Christian",
          "hasCorrectingAddress": null,
          "language": "fi",
          "lastName": "Child",
          "nationality": "FI",
          "restricted": false,
          "socialSecurityNumber": "010619A9501",
        },
        "connectedDaycare": null,
        "docVersion": 0,
        "extendedCare": false,
        "guardian": Object {
          "address": Object {
            "city": "Ypäjä",
            "editable": false,
            "postalCode": "00001",
            "street": "Fakestreet 123",
          },
          "correctingAddress": Object {
            "city": "",
            "editable": true,
            "postalCode": "",
            "street": "",
          },
          "email": "fake@notmaildomain.notext",
          "firstName": "Aimo",
          "guardianMovingDate": null,
          "hasCorrectingAddress": null,
          "lastName": "Authentic",
          "phoneNumber": "000-0000000",
          "restricted": false,
          "socialSecurityNumber": "020967-9992",
        },
        "guardian2": null,
        "hasOtherAdults": false,
        "hasOtherChildren": false,
        "maxFeeAccepted": false,
        "otherAdults": Array [],
        "otherChildren": Array [],
        "otherGuardianAgreementStatus": null,
        "partTime": false,
        "preferredStartDate": "2021-09-01",
        "serviceEnd": null,
        "serviceNeedOption": Object {
          "id": "86ef70a0-bf85-11eb-91e6-1fb57a101161",
          "nameEn": "Full-time",
          "nameFi": "Kokopäiväinen",
          "nameSv": "Kokopäiväinen",
        },
        "serviceStart": null,
        "type": "DAYCARE",
        "urgent": false,
      },
      "id": Any<String>,
      "latest": true,
      "revision": "1",
      "updated": Any<String>,
    },
  ],
  "applications": Array [
    Object {
      "additionaldaycareapplication": false,
      "checkedbyadmin": false,
      "child_id": Any<String>,
      "created": Any<String>,
      "duedate": "2021-11-29T00:00:00.000Z",
      "duedate_set_manually_at": null,
      "guardian_id": Any<String>,
      "hidefromguardian": false,
      "id": Any<String>,
      "origin": "ELECTRONIC",
      "other_guardian_id": null,
      "sentdate": "2021-08-01T00:00:00.000Z",
      "service_worker_note": "",
      "status": "SENT",
      "transferapplication": false,
      "updated": Any<String>,
    },
  ],
}
`;

exports[`GET /transfer positive should return transferred assistance actions 1`] = `
Object {
  "assistanceActionOptions": Array [
    Object {
      "action_id": Any<String>,
      "created": Any<String>,
      "option_id": Any<String>,
    },
  ],
  "assistanceActions": Array [
    Object {
      "child_id": Any<String>,
      "created": Any<String>,
      "end_date": "2020-05-31T00:00:00.000Z",
      "id": Any<String>,
      "measures": "{}",
      "other_action": "",
      "start_date": "2019-08-08T00:00:00.000Z",
      "updated": Any<String>,
      "updated_by": Any<String>,
    },
  ],
}
`;

exports[`GET /transfer positive should return transferred assistance needs 1`] = `
Object {
  "assistanceBases": Array [
    Object {
      "created": Any<String>,
      "need_id": Any<String>,
      "option_id": Any<String>,
    },
  ],
  "assistanceNeeds": Array [
    Object {
      "capacity_factor": "0",
      "child_id": Any<String>,
      "created": Any<String>,
      "end_date": "2020-05-31T00:00:00.000Z",
      "id": Any<String>,
      "start_date": "2019-08-08T00:00:00.000Z",
      "updated": Any<String>,
      "updated_by": Any<String>,
    },
  ],
}
`;

exports[`GET /transfer positive should return transferred backup cares 1`] = `
Array [
  Object {
    "child_id": Any<String>,
    "created": Any<String>,
    "end_date": "2020-03-17T00:00:00.000Z",
    "group_id": Any<String>,
    "id": Any<String>,
    "start_date": "2020-03-15T00:00:00.000Z",
    "unit_id": Any<String>,
    "updated": Any<String>,
  },
  Object {
    "child_id": Any<String>,
    "created": Any<String>,
    "end_date": "2020-03-19T00:00:00.000Z",
    "group_id": Any<String>,
    "id": Any<String>,
    "start_date": "2020-03-19T00:00:00.000Z",
    "unit_id": Any<String>,
    "updated": Any<String>,
  },
]
`;

exports[`GET /transfer positive should return transferred child attendances 1`] = `
Array [
  Object {
    "arrived": "2021-01-01T05:26:00.000Z",
    "child_id": Any<String>,
    "created": Any<String>,
    "departed": "2021-01-01T14:17:00.000Z",
    "id": Any<String>,
    "unit_id": "19fec1fa-e2f1-11eb-8473-eb1f7ce94b07",
    "updated": Any<String>,
  },
]
`;

exports[`GET /transfer positive should return transferred daycares 1`] = `
Array [
  Object {
    "additional_info": null,
    "backup_location": null,
    "capacity": 0,
    "care_area_id": "6529f6ce-9777-11eb-ba8a-8f6495ec5104",
    "closing_date": null,
    "club_apply_period": null,
    "cost_center": "99",
    "created": Any<String>,
    "daycare_apply_period": "[2021-04-20,)",
    "decision_daycare_name": "Tenhon testiyksikkö",
    "decision_handler": "",
    "decision_handler_address": "",
    "decision_preschool_name": "",
    "email": null,
    "enabled_pilot_features": "{}",
    "finance_decision_handler": null,
    "ghost_unit": false,
    "id": "19fec146-e2f1-11eb-8473-db55258254c5",
    "invoiced_by_municipality": true,
    "language": "fi",
    "language_emphasis_id": null,
    "location": Object {
      "x": 21.55555,
      "y": 61.55555,
    },
    "mailing_po_box": "Testikuja 123",
    "mailing_post_office": "Tenhola",
    "mailing_postal_code": "12000",
    "mailing_street_address": null,
    "name": "Tenhon testiyksikkö",
    "opening_date": "2020-03-01T00:00:00.000Z",
    "operation_days": Array [
      1,
      2,
      3,
      4,
      5,
    ],
    "oph_organizer_oid": null,
    "oph_unit_oid": null,
    "phone": null,
    "post_office": "Tenhola",
    "postal_code": "12000",
    "preschool_apply_period": null,
    "provider_type": "MUNICIPAL",
    "round_the_clock": false,
    "schedule": null,
    "street_address": "Testikuja 123",
    "type": "{CENTRE}",
    "unit_manager_id": "340ead9c-a1bc-11eb-b5d4-1bc4a624aabe",
    "updated": Any<String>,
    "upload_children_to_varda": false,
    "upload_to_koski": false,
    "upload_to_varda": false,
    "url": null,
  },
  Object {
    "additional_info": null,
    "backup_location": null,
    "capacity": 0,
    "care_area_id": "6529f5a2-9777-11eb-ba89-cfcda122ed3b",
    "closing_date": null,
    "club_apply_period": null,
    "cost_center": null,
    "created": Any<String>,
    "daycare_apply_period": "[2021-04-20,)",
    "decision_daycare_name": "Pujakan testiyksikkö",
    "decision_handler": "",
    "decision_handler_address": "",
    "decision_preschool_name": "",
    "email": null,
    "enabled_pilot_features": "{}",
    "finance_decision_handler": null,
    "ghost_unit": false,
    "id": "19fec1fa-e2f1-11eb-8473-eb1f7ce94b07",
    "invoiced_by_municipality": false,
    "language": "fi",
    "language_emphasis_id": null,
    "location": Object {
      "x": 21.66666,
      "y": 61.66666,
    },
    "mailing_po_box": "Testaajankatu 321",
    "mailing_post_office": "Pajuoja",
    "mailing_postal_code": "13000",
    "mailing_street_address": null,
    "name": "Pujakan testiyksikkö",
    "opening_date": "2020-03-01T00:00:00.000Z",
    "operation_days": Array [
      1,
      2,
      3,
      4,
      5,
    ],
    "oph_organizer_oid": null,
    "oph_unit_oid": null,
    "phone": null,
    "post_office": "Pajuoja",
    "postal_code": "13000",
    "preschool_apply_period": null,
    "provider_type": "MUNICIPAL",
    "round_the_clock": false,
    "schedule": null,
    "street_address": "Testaajankatu 321",
    "type": "{CENTRE}",
    "unit_manager_id": "340eae78-a1bc-11eb-b5d6-b30369678b4c",
    "updated": Any<String>,
    "upload_children_to_varda": false,
    "upload_to_koski": false,
    "upload_to_varda": false,
    "url": null,
  },
]
`;

exports[`GET /transfer positive should return transferred departments 1`] = `
Object {
  "caretakers": Array [
    Object {
      "amount": "3",
      "created": Any<String>,
      "end_date": null,
      "group_id": Any<String>,
      "id": Any<String>,
      "start_date": "2020-03-01T00:00:00.000Z",
      "updated": Any<String>,
    },
    Object {
      "amount": "3",
      "created": Any<String>,
      "end_date": null,
      "group_id": Any<String>,
      "id": Any<String>,
      "start_date": "2020-03-01T00:00:00.000Z",
      "updated": Any<String>,
    },
  ],
  "groups": Array [
    Object {
      "daycare_id": "19fec146-e2f1-11eb-8473-db55258254c5",
      "end_date": null,
      "id": Any<String>,
      "name": "Tenhon terhot",
      "start_date": "2020-03-01T00:00:00.000Z",
    },
    Object {
      "daycare_id": "19fec1fa-e2f1-11eb-8473-eb1f7ce94b07",
      "end_date": null,
      "id": Any<String>,
      "name": "Tujun tupajumit",
      "start_date": "2020-03-01T00:00:00.000Z",
    },
  ],
}
`;

exports[`GET /transfer positive should return transferred families 1`] = `
Object {
  "children": Array [
    Object {
      "child_id": Any<String>,
      "conflict": false,
      "created": Any<String>,
      "end_date": "2037-05-31T00:00:00.000Z",
      "head_of_child": Any<String>,
      "id": Any<String>,
      "start_date": "2020-12-01T00:00:00.000Z",
      "updated": Any<String>,
    },
    Object {
      "child_id": Any<String>,
      "conflict": false,
      "created": Any<String>,
      "end_date": "2036-11-24T00:00:00.000Z",
      "head_of_child": Any<String>,
      "id": Any<String>,
      "start_date": "2020-12-01T00:00:00.000Z",
      "updated": Any<String>,
    },
    Object {
      "child_id": Any<String>,
      "conflict": false,
      "created": Any<String>,
      "end_date": "2020-11-30T00:00:00.000Z",
      "head_of_child": Any<String>,
      "id": Any<String>,
      "start_date": "2019-11-25T00:00:00.000Z",
      "updated": Any<String>,
    },
  ],
  "partners": Array [
    Object {
      "conflict": false,
      "created": Any<String>,
      "end_date": "2020-11-30T00:00:00.000Z",
      "indx": 1,
      "partnership_id": Any<String>,
      "person_id": Any<String>,
      "start_date": "2019-11-25T00:00:00.000Z",
      "updated": Any<String>,
    },
    Object {
      "conflict": false,
      "created": Any<String>,
      "end_date": null,
      "indx": 1,
      "partnership_id": Any<String>,
      "person_id": Any<String>,
      "start_date": "2020-12-01T00:00:00.000Z",
      "updated": Any<String>,
    },
    Object {
      "conflict": false,
      "created": Any<String>,
      "end_date": "2020-11-30T00:00:00.000Z",
      "indx": 2,
      "partnership_id": Any<String>,
      "person_id": Any<String>,
      "start_date": "2019-11-25T00:00:00.000Z",
      "updated": Any<String>,
    },
    Object {
      "conflict": false,
      "created": Any<String>,
      "end_date": null,
      "indx": 2,
      "partnership_id": Any<String>,
      "person_id": Any<String>,
      "start_date": "2020-12-01T00:00:00.000Z",
      "updated": Any<String>,
    },
  ],
}
`;

exports[`GET /transfer positive should return transferred fee alterations 1`] = `
Array [
  Object {
    "amount": 10,
    "id": Any<String>,
    "is_absolute": true,
    "notes": "ALENNUS AP/IP",
    "person_id": Any<String>,
    "type": "DISCOUNT",
    "updated_at": Any<String>,
    "updated_by": Any<String>,
    "valid_from": "2020-03-01T00:00:00.000Z",
    "valid_to": null,
  },
]
`;

exports[`GET /transfer positive should return transferred fee decisions 1`] = `
Object {
  "feeDecisionChildren": Array [
    Object {
      "base_fee": 49200,
      "child_date_of_birth": "2019-06-01T00:00:00.000Z",
      "child_id": Any<String>,
      "created": Any<String>,
      "fee": 49200,
      "fee_alterations": Array [],
      "fee_decision_id": Any<String>,
      "final_fee": 49200,
      "id": Any<String>,
      "placement_type": "DAYCARE",
      "placement_unit_id": "19fec146-e2f1-11eb-8473-db55258254c5",
      "service_need_description_fi": "Kokopäiväinen",
      "service_need_description_sv": "Kokopäiväinen",
      "service_need_fee_coefficient": "1.00",
      "service_need_missing": false,
      "sibling_discount": 0,
      "updated": Any<String>,
    },
  ],
  "feeDecisions": Array [
    Object {
      "approved_at": null,
      "approved_by_id": null,
      "cancelled_at": null,
      "created": Any<String>,
      "decision_handler_id": null,
      "decision_number": "123456790",
      "decision_type": "NORMAL",
      "document_key": null,
      "family_size": 2,
      "fee_thresholds": Object {
        "incomeMultiplier": null,
        "maxFee": null,
        "maxIncomeThreshold": null,
        "minFee": null,
        "minIncomeThreshold": null,
      },
      "head_of_family_id": Any<String>,
      "head_of_family_income": Object {
        "data": Object {
          "MAIN_INCOME": 10020,
        },
        "effect": "INCOME",
        "total": 10020,
        "totalExpenses": 0,
        "totalIncome": 10020,
        "validFrom": null,
        "validTo": null,
        "worksAtECHA": false,
      },
      "id": Any<String>,
      "partner_id": Any<String>,
      "partner_income": Object {
        "data": Object {},
        "effect": "MAX_FEE_ACCEPTED",
        "total": 0,
        "totalExpenses": 0,
        "totalIncome": 0,
        "validFrom": null,
        "validTo": null,
        "worksAtECHA": false,
      },
      "sent_at": null,
      "status": "SENT",
      "updated": Any<String>,
      "valid_during": "[2020-03-01,)",
    },
  ],
}
`;

exports[`GET /transfer positive should return transferred income 1`] = `
Array [
  Object {
    "application_id": null,
    "data": Object {
      "DAILY_ALLOWANCE": Object {
        "amount": 1000,
        "coefficient": "DAILY_ALLOWANCE_21_5",
      },
      "MAIN_INCOME": Object {
        "amount": 450060,
        "coefficient": "MONTHLY_NO_HOLIDAY_BONUS",
      },
      "OTHER_INCOME": Object {
        "amount": 56000,
        "coefficient": "MONTHLY_NO_HOLIDAY_BONUS",
      },
      "PAID_ALIMONY": Object {
        "amount": 21500,
        "coefficient": "MONTHLY_NO_HOLIDAY_BONUS",
      },
    },
    "effect": "INCOME",
    "id": Any<String>,
    "is_entrepreneur": false,
    "notes": "",
    "person_id": Any<String>,
    "updated_at": Any<String>,
    "updated_by": Any<String>,
    "valid_from": Any<String>,
    "valid_to": null,
    "works_at_echa": false,
  },
  Object {
    "application_id": null,
    "data": Object {
      "MAIN_INCOME": Object {
        "amount": 5000000,
        "coefficient": "MONTHLY_NO_HOLIDAY_BONUS",
      },
    },
    "effect": "INCOME",
    "id": Any<String>,
    "is_entrepreneur": false,
    "notes": "",
    "person_id": Any<String>,
    "updated_at": Any<String>,
    "updated_by": Any<String>,
    "valid_from": Any<String>,
    "valid_to": Any<String>,
    "works_at_echa": false,
  },
]
`;

exports[`GET /transfer positive should return transferred persons 1`] = `
Array [
  Object {
    "aad_object_id": null,
    "backup_phone": "",
    "created": Any<String>,
    "date_of_birth": Any<String>,
    "date_of_death": null,
    "email": "fake@notmaildomain.notext",
    "first_name": "Aimo",
    "force_manual_fee_decisions": false,
    "freetext_vec": "'00001':5 '123':4 'aimo':1 'authentic':2 'fakestreet':3",
    "id": Any<String>,
    "invoice_recipient_name": "",
    "invoicing_post_office": "",
    "invoicing_postal_code": "",
    "invoicing_street_address": "",
    "language": "fi",
    "last_login": null,
    "last_name": "Authentic",
    "nationalities": Array [],
    "oph_person_oid": null,
    "phone": "000-0000000",
    "post_office": "Ypäjä",
    "postal_code": "00001",
    "preferred_name": "",
    "residence_code": "",
    "restricted_details_enabled": false,
    "restricted_details_end_date": null,
    "social_security_number": "020967-9992",
    "ssn_adding_disabled": false,
    "street_address": "Fakestreet 123",
    "updated": Any<String>,
    "updated_from_vtj": Any<String>,
    "vtj_dependants_queried": null,
    "vtj_guardians_queried": null,
  },
  Object {
    "aad_object_id": null,
    "backup_phone": "",
    "created": Any<String>,
    "date_of_birth": Any<String>,
    "date_of_death": null,
    "email": "fake2@notmaildomain.notext",
    "first_name": "Teppo",
    "force_manual_fee_decisions": false,
    "freetext_vec": "'00002':5 '321':4 'streetstreet':3 'temporary':2 'teppo':1",
    "id": Any<String>,
    "invoice_recipient_name": "",
    "invoicing_post_office": "",
    "invoicing_postal_code": "",
    "invoicing_street_address": "",
    "language": "fi",
    "last_login": null,
    "last_name": "Temporary",
    "nationalities": Array [],
    "oph_person_oid": null,
    "phone": "111-1111111",
    "post_office": "Ypäjä",
    "postal_code": "00002",
    "preferred_name": "",
    "residence_code": "",
    "restricted_details_enabled": false,
    "restricted_details_end_date": null,
    "social_security_number": null,
    "ssn_adding_disabled": false,
    "street_address": "StreetStreet 321",
    "updated": Any<String>,
    "updated_from_vtj": Any<String>,
    "vtj_dependants_queried": null,
    "vtj_guardians_queried": null,
  },
  Object {
    "aad_object_id": null,
    "backup_phone": "",
    "created": Any<String>,
    "date_of_birth": Any<String>,
    "date_of_death": null,
    "email": "fake3@notmaildomain.notext",
    "first_name": "Hilda",
    "force_manual_fee_decisions": false,
    "freetext_vec": "'hidden':2 'hilda':1",
    "id": Any<String>,
    "invoice_recipient_name": "",
    "invoicing_post_office": "",
    "invoicing_postal_code": "",
    "invoicing_street_address": "",
    "language": "fi",
    "last_login": null,
    "last_name": "Hidden",
    "nationalities": Array [],
    "oph_person_oid": null,
    "phone": "0222222222",
    "post_office": "",
    "postal_code": "",
    "preferred_name": "",
    "residence_code": "",
    "restricted_details_enabled": true,
    "restricted_details_end_date": null,
    "social_security_number": "180476-998M",
    "ssn_adding_disabled": false,
    "street_address": "",
    "updated": Any<String>,
    "updated_from_vtj": Any<String>,
    "vtj_dependants_queried": null,
    "vtj_guardians_queried": null,
  },
  Object {
    "aad_object_id": null,
    "backup_phone": "222-2222223",
    "created": Any<String>,
    "date_of_birth": Any<String>,
    "date_of_death": null,
    "email": "fake3@notmaildomain.notext",
    "first_name": "Christian",
    "force_manual_fee_decisions": false,
    "freetext_vec": "'00001':5 '2':4 'child':2 'christian':1 'hidestreet':3",
    "id": Any<String>,
    "invoice_recipient_name": "",
    "invoicing_post_office": "",
    "invoicing_postal_code": "",
    "invoicing_street_address": "",
    "language": "fi",
    "last_login": null,
    "last_name": "Child",
    "nationalities": Array [],
    "oph_person_oid": null,
    "phone": "222-2222222",
    "post_office": "Ypäjä",
    "postal_code": "00001",
    "preferred_name": "",
    "residence_code": "",
    "restricted_details_enabled": false,
    "restricted_details_end_date": null,
    "social_security_number": "010619A9501",
    "ssn_adding_disabled": false,
    "street_address": "HideStreet 2",
    "updated": Any<String>,
    "updated_from_vtj": Any<String>,
    "vtj_dependants_queried": null,
    "vtj_guardians_queried": null,
  },
  Object {
    "aad_object_id": null,
    "backup_phone": "222-2222223",
    "created": Any<String>,
    "date_of_birth": Any<String>,
    "date_of_death": null,
    "email": "fake3@notmaildomain.notext",
    "first_name": "Camilla",
    "force_manual_fee_decisions": false,
    "freetext_vec": "'12000':5 '2':4 'camilla':1 'child':2 'hidestreet':3",
    "id": Any<String>,
    "invoice_recipient_name": "",
    "invoicing_post_office": "",
    "invoicing_postal_code": "",
    "invoicing_street_address": "",
    "language": "fi",
    "last_login": null,
    "last_name": "Child",
    "nationalities": Array [],
    "oph_person_oid": null,
    "phone": "222-2222222",
    "post_office": "Tenhola",
    "postal_code": "12000",
    "preferred_name": "",
    "residence_code": "",
    "restricted_details_enabled": false,
    "restricted_details_end_date": null,
    "social_security_number": "251118A9509",
    "ssn_adding_disabled": false,
    "street_address": "HideStreet 2",
    "updated": Any<String>,
    "updated_from_vtj": Any<String>,
    "vtj_dependants_queried": null,
    "vtj_guardians_queried": null,
  },
  Object {
    "aad_object_id": null,
    "backup_phone": "",
    "created": Any<String>,
    "date_of_birth": Any<String>,
    "date_of_death": null,
    "email": null,
    "first_name": "",
    "force_manual_fee_decisions": false,
    "freetext_vec": "",
    "id": Any<String>,
    "invoice_recipient_name": "",
    "invoicing_post_office": "",
    "invoicing_postal_code": "",
    "invoicing_street_address": "",
    "language": "fi",
    "last_login": null,
    "last_name": "",
    "nationalities": Array [],
    "oph_person_oid": null,
    "phone": "",
    "post_office": "",
    "postal_code": "",
    "preferred_name": "",
    "residence_code": "",
    "restricted_details_enabled": false,
    "restricted_details_end_date": null,
    "social_security_number": "181101A9092",
    "ssn_adding_disabled": false,
    "street_address": "",
    "updated": Any<String>,
    "updated_from_vtj": Any<String>,
    "vtj_dependants_queried": null,
    "vtj_guardians_queried": null,
  },
]
`;

exports[`GET /transfer positive should return transferred placements 1`] = `
Object {
  "children": Array [
    Object {
      "additionalinfo": "",
      "allergies": "",
      "diet": "",
      "id": Any<String>,
      "medication": "",
    },
    Object {
      "additionalinfo": "",
      "allergies": "",
      "diet": "",
      "id": Any<String>,
      "medication": "",
    },
  ],
  "daycareGroups": Array [
    Object {
      "daycare_id": "19fec1fa-e2f1-11eb-8473-eb1f7ce94b07",
      "end_date": "2020-12-31T00:00:00.000Z",
      "id": Any<String>,
      "name": "Ryhmä",
      "start_date": "2020-03-01T00:00:00.000Z",
    },
  ],
  "groupPlacements": Array [
    Object {
      "created": Any<String>,
      "daycare_group_id": Any<String>,
      "daycare_placement_id": Any<String>,
      "end_date": "2021-02-28T00:00:00.000Z",
      "id": Any<String>,
      "start_date": "2020-03-01T00:00:00.000Z",
      "updated": Any<String>,
    },
    Object {
      "created": Any<String>,
      "daycare_group_id": Any<String>,
      "daycare_placement_id": Any<String>,
      "end_date": "2020-12-31T00:00:00.000Z",
      "id": Any<String>,
      "start_date": "2020-03-01T00:00:00.000Z",
      "updated": Any<String>,
    },
    Object {
      "created": Any<String>,
      "daycare_group_id": Any<String>,
      "daycare_placement_id": Any<String>,
      "end_date": "2025-07-31T00:00:00.000Z",
      "id": Any<String>,
      "start_date": "2021-03-01T00:00:00.000Z",
      "updated": Any<String>,
    },
  ],
  "placements": Array [
    Object {
      "child_id": Any<String>,
      "created": Any<String>,
      "end_date": "2021-02-28T00:00:00.000Z",
      "id": Any<String>,
      "start_date": "2020-03-01T00:00:00.000Z",
      "type": "DAYCARE",
      "unit_id": "19fec146-e2f1-11eb-8473-db55258254c5",
      "updated": Any<String>,
    },
    Object {
      "child_id": Any<String>,
      "created": Any<String>,
      "end_date": "2020-12-31T00:00:00.000Z",
      "id": Any<String>,
      "start_date": "2020-03-01T00:00:00.000Z",
      "type": "DAYCARE_PART_TIME",
      "unit_id": "19fec1fa-e2f1-11eb-8473-eb1f7ce94b07",
      "updated": Any<String>,
    },
    Object {
      "child_id": Any<String>,
      "created": Any<String>,
      "end_date": "2025-07-31T00:00:00.000Z",
      "id": Any<String>,
      "start_date": "2021-03-01T00:00:00.000Z",
      "type": "DAYCARE",
      "unit_id": "19fec146-e2f1-11eb-8473-db55258254c5",
      "updated": Any<String>,
    },
  ],
  "serviceNeeds": Array [
    Object {
      "confirmed_at": null,
      "confirmed_by": null,
      "created": Any<String>,
      "end_date": "2021-02-28T00:00:00.000Z",
      "id": Any<String>,
      "option_id": "86ef70a0-bf85-11eb-91e6-1fb57a101161",
      "placement_id": Any<String>,
      "shift_care": false,
      "start_date": "2020-03-01T00:00:00.000Z",
      "updated": Any<String>,
    },
    Object {
      "confirmed_at": null,
      "confirmed_by": null,
      "created": Any<String>,
      "end_date": "2020-12-31T00:00:00.000Z",
      "id": Any<String>,
      "option_id": "86ef7370-bf85-11eb-91e7-6fcd728c518d",
      "placement_id": Any<String>,
      "shift_care": false,
      "start_date": "2020-03-01T00:00:00.000Z",
      "updated": Any<String>,
    },
  ],
}
`;

exports[`GET /transfer positive should return transferred voucher value decisions 1`] = `
Array [
  Object {
    "age_coefficient": "1.55",
    "approved_at": "2020-12-01T00:00:00.000Z",
    "approved_by": null,
    "base_co_payment": 0,
    "base_value": 82600,
    "cancelled_at": null,
    "capacity_factor": "0.00",
    "child_date_of_birth": "2019-06-01T00:00:00.000Z",
    "child_id": Any<String>,
    "co_payment": 0,
    "created": Any<String>,
    "decision_handler": null,
    "decision_number": "1",
    "decision_type": "NORMAL",
    "document_key": null,
    "family_size": 5,
    "fee_alterations": Array [],
    "fee_thresholds": Object {
      "incomeMultiplier": null,
      "maxFee": null,
      "maxIncomeThreshold": null,
      "minFee": null,
      "minIncomeThreshold": null,
    },
    "final_co_payment": 100,
    "head_of_family_id": Any<String>,
    "head_of_family_income": null,
    "id": Any<String>,
    "partner_id": Any<String>,
    "partner_income": null,
    "placement_type": "DAYCARE",
    "placement_unit_id": "19fec146-e2f1-11eb-8473-db55258254c5",
    "sent_at": null,
    "service_need_fee_coefficient": "1.00",
    "service_need_fee_description_fi": "Kokopäiväinen",
    "service_need_fee_description_sv": "Kokopäiväinen",
    "service_need_voucher_value_coefficient": "1.00",
    "service_need_voucher_value_description_fi": "Kokopäiväinen",
    "service_need_voucher_value_description_sv": "Kokopäiväinen",
    "sibling_discount": 0,
    "status": "SENT",
    "updated": Any<String>,
    "valid_from": "2020-04-01T00:00:00.000Z",
    "valid_to": null,
    "voucher_value": 1000,
  },
]
`;
