// Jest Snapshot v1, https://goo.gl/fbAQLP

exports[`GET /transform positive should return cleanups 1`] = `
Object {
  "cleanedDaycareGroups": Array [
    Object {
      "daycare_id": "19fec1fa-e2f1-11eb-8473-eb1f7ce94b07",
      "effica_id": 1251,
      "end_date": null,
      "id": Any<String>,
      "name": "Tujun tupajumit",
      "start_date": "2020-03-01T00:00:00.000Z",
    },
  ],
}
`;

exports[`GET /transform positive should return transformed application 1`] = `
Object {
  "applicationForms": Array [
    Object {
      "application_id": Any<String>,
      "effica_application_id": 12345,
      "effica_priority": 1,
      "preferred_start_date": "2021-09-01T00:00:00.000Z",
      "service_need_option_id": "86ef70a0-bf85-11eb-91e6-1fb57a101161",
      "unit_id": "19fec146-e2f1-11eb-8473-db55258254c5",
    },
  ],
  "applicationFormsTodo": Array [],
  "applications": Array [
    Object {
      "child_id": Any<String>,
      "duedate": "2021-11-29T00:00:00.000Z",
      "effica_guid": "12F28AA0-E059-4203-98F9-EE3D37738B99",
      "effica_id": 12345,
      "guardian_id": Any<String>,
      "id": Any<String>,
      "sentdate": "2021-08-01T00:00:00.000Z",
      "status": "SENT",
      "transferapplication": false,
      "type": "DAYCARE",
    },
  ],
  "applicationsTodo": Array [],
}
`;

exports[`GET /transform positive should return transformed daily journals 1`] = `
Object {
  "absences": Array [
    Object {
      "absence_type": "SICKLEAVE",
      "care_type": "DAYCARE",
      "child_id": Any<String>,
      "date": "2020-03-09T00:00:00.000Z",
      "effica_dailyjournalids": Array [
        123456,
      ],
      "id": Any<String>,
    },
  ],
  "absencesTodo": Array [
    Object {
      "absence_type": null,
      "care_type": "DAYCARE",
      "child_id": Any<String>,
      "date": "2020-03-24T00:00:00.000Z",
      "effica_dailyjournalids": Array [
        123456,
      ],
      "id": Any<String>,
      "reason": "TYPE MISSING",
    },
  ],
  "backupCares": Array [
    Object {
      "child_id": Any<String>,
      "end_date": "2020-03-17T00:00:00.000Z",
      "group_id": Any<String>,
      "id": Any<String>,
      "start_date": "2020-03-15T00:00:00.000Z",
      "unit_id": Any<String>,
    },
    Object {
      "child_id": Any<String>,
      "end_date": "2020-03-19T00:00:00.000Z",
      "group_id": Any<String>,
      "id": Any<String>,
      "start_date": "2020-03-19T00:00:00.000Z",
      "unit_id": Any<String>,
    },
  ],
  "backupCaresTodo": Array [],
}
`;

exports[`GET /transform positive should return transformed departments 1`] = `
Array [
  Object {
    "daycare_id": "19fec146-e2f1-11eb-8473-db55258254c5",
    "effica_id": 1231,
    "end_date": null,
    "id": Any<String>,
    "name": "Tenhon terhot",
    "start_date": Any<String>,
  },
  Object {
    "daycare_id": "19fec1fa-e2f1-11eb-8473-eb1f7ce94b07",
    "effica_id": 1251,
    "end_date": null,
    "id": Any<String>,
    "name": "Tujun tupajumit",
    "start_date": Any<String>,
  },
]
`;

exports[`GET /transform positive should return transformed families 1`] = `
Object {
  "child": Array [
    Object {
      "child_id": Any<String>,
      "child_ssn": "251118A9509",
      "end_date": "2020-11-30T00:00:00.000Z",
      "family_number": 1,
      "head_of_family": Any<String>,
      "hof_ssn": "020967-9992",
      "id": Any<String>,
      "start_date": Any<String>,
    },
    Object {
      "child_id": Any<String>,
      "child_ssn": "010619A9501",
      "end_date": "2037-05-31T00:00:00.000Z",
      "family_number": 2,
      "head_of_family": Any<String>,
      "hof_ssn": "020967-9992",
      "id": Any<String>,
      "start_date": Any<String>,
    },
    Object {
      "child_id": Any<String>,
      "child_ssn": "251118A9509",
      "end_date": "2036-11-24T00:00:00.000Z",
      "family_number": 2,
      "head_of_family": Any<String>,
      "hof_ssn": "020967-9992",
      "id": Any<String>,
      "start_date": Any<String>,
    },
  ],
  "partner": Array [
    Object {
      "effica_ssn": "020967-9992",
      "end_date": "2020-11-30T00:00:00.000Z",
      "family_number": 1,
      "indx": 1,
      "partnership_id": Any<String>,
      "person_id": Any<String>,
      "start_date": Any<String>,
    },
    Object {
      "effica_ssn": "180476-998M",
      "end_date": "2020-11-30T00:00:00.000Z",
      "family_number": 1,
      "indx": 2,
      "partnership_id": Any<String>,
      "person_id": Any<String>,
      "start_date": Any<String>,
    },
    Object {
      "effica_ssn": "020967-9992",
      "end_date": null,
      "family_number": 2,
      "indx": 1,
      "partnership_id": Any<String>,
      "person_id": Any<String>,
      "start_date": Any<String>,
    },
    Object {
      "effica_ssn": "180476-998M",
      "end_date": null,
      "family_number": 2,
      "indx": 2,
      "partnership_id": Any<String>,
      "person_id": Any<String>,
      "start_date": Any<String>,
    },
  ],
}
`;

exports[`GET /transform positive should return transformed feedeviations 1`] = `
Array [
  Object {
    "amount": 10,
    "id": Any<String>,
    "is_absolute": true,
    "notes": "ALENNUS AP/IP",
    "person_id": Any<String>,
    "type": "DISCOUNT",
    "valid_from": "2020-03-01T00:00:00.000Z",
    "valid_to": null,
  },
]
`;

exports[`GET /transform positive should return transformed income 1`] = `
Array [
  Object {
    "application_id": null,
    "data": Object {
      "DAILY_ALLOWANCE": Object {
        "amount": 1000,
        "coefficient": "DAILY_ALLOWANCE_21_5",
      },
      "MAIN_INCOME": Object {
        "amount": 450060,
        "coefficient": "MONTHLY_NO_HOLIDAY_BONUS",
      },
      "OTHER_INCOME": Object {
        "amount": 56000,
        "coefficient": "MONTHLY_NO_HOLIDAY_BONUS",
      },
      "PAID_ALIMONY": Object {
        "amount": 21500,
        "coefficient": "MONTHLY_NO_HOLIDAY_BONUS",
      },
    },
    "effect": "INCOME",
    "id": Any<String>,
    "income_total": 506060,
    "is_entrepreneur": false,
    "notes": "",
    "person_id": Any<String>,
    "person_ssn": "020967-9992",
    "valid_from": Any<String>,
    "valid_to": null,
  },
  Object {
    "application_id": null,
    "data": Object {
      "MAIN_INCOME": Object {
        "amount": 5000000,
        "coefficient": "MONTHLY_NO_HOLIDAY_BONUS",
      },
    },
    "effect": "INCOME",
    "id": Any<String>,
    "income_total": 5000000,
    "is_entrepreneur": false,
    "notes": "",
    "person_id": Any<String>,
    "person_ssn": "180476-998M",
    "valid_from": Any<String>,
    "valid_to": Any<String>,
  },
]
`;

exports[`GET /transform positive should return transformed pay decisions 1`] = `
Object {
  "feeDecisionChildren": Array [
    Object {
      "base_fee": 49200,
      "child_date_of_birth": "2019-06-01T00:00:00.000Z",
      "child_id": Any<String>,
      "effica_guid": "paydecisionrow38437813",
      "fee": 49200,
      "fee_decision_id": Any<String>,
      "final_fee": 49200,
      "id": Any<String>,
      "placement_unit_id": "19fec146-e2f1-11eb-8473-db55258254c5",
      "service_need_option_id": "86ef70a0-bf85-11eb-91e6-1fb57a101161",
      "sibling_discount": 0,
    },
  ],
  "feeDecisionChildrenTodo": Array [],
  "feeDecisions": Array [
    Object {
      "decision_number": "123456790",
      "decision_type": "NORMAL",
      "effica_guid": "paydecision3843781",
      "effica_ssn": "020967-9992",
      "end_date": null,
      "family_size": 2,
      "head_of_family_id": Any<String>,
      "head_of_family_income": Object {
        "data": Object {
          "MAIN_INCOME": 10020,
        },
        "effect": "INCOME",
        "total": 10020,
        "totalExpenses": 0,
        "totalIncome": 10020,
        "validFrom": null,
        "validTo": null,
        "worksAtECHA": false,
      },
      "id": Any<String>,
      "partner_id": Any<String>,
      "partner_income": Object {
        "data": Object {},
        "effect": "MAX_FEE_ACCEPTED",
        "total": 0,
        "totalExpenses": 0,
        "totalIncome": 0,
        "validFrom": null,
        "validTo": null,
        "worksAtECHA": false,
      },
      "start_date": "2020-03-01T00:00:00.000Z",
      "status": "SENT",
      "status_group": "SENT",
    },
  ],
  "feeDecisionsTodo": Array [],
}
`;

exports[`GET /transform positive should return transformed persons 1`] = `
Array [
  Object {
    "backup_phone": "",
    "date_of_birth": Any<String>,
    "effica_guid": "{AAAAAAAAAAAAAAAAAAAAAAAAAAAAAAAAAAAAAaa1}",
    "effica_ssn": "020967-9992",
    "email": "fake@notmaildomain.notext",
    "first_name": "Aimo",
    "id": Any<String>,
    "language": "fi",
    "last_name": "Authentic",
    "nationalities": Array [],
    "phone": "000-0000000",
    "post_office": "Yp채j채",
    "postal_code": "00001",
    "restricted_details_enabled": false,
    "social_security_number": "020967-9992",
    "source_system": "effica",
    "street_address": "Fakestreet 123",
  },
  Object {
    "backup_phone": "",
    "date_of_birth": Any<String>,
    "effica_guid": "{AAAAAAAAAAAAAAAAAAAAAAAAAAAAAAAAAAAAAaa2}",
    "effica_ssn": "020288-TP01",
    "email": "fake2@notmaildomain.notext",
    "first_name": "Teppo",
    "id": Any<String>,
    "language": "fi",
    "last_name": "Temporary",
    "nationalities": Array [],
    "phone": "111-1111111",
    "post_office": "Yp채j채",
    "postal_code": "00002",
    "restricted_details_enabled": false,
    "social_security_number": null,
    "source_system": "effica",
    "street_address": "StreetStreet 321",
  },
  Object {
    "backup_phone": "",
    "date_of_birth": Any<String>,
    "effica_guid": "{AAAAAAAAAAAAAAAAAAAAAAAAAAAAAAAAAAAAAaa3}",
    "effica_ssn": "180476-998M",
    "email": "fake3@notmaildomain.notext",
    "first_name": "Hilda",
    "id": Any<String>,
    "language": "fi",
    "last_name": "Hidden",
    "nationalities": Array [],
    "phone": "0222222222",
    "post_office": "",
    "postal_code": "",
    "restricted_details_enabled": true,
    "social_security_number": "180476-998M",
    "source_system": "effica",
    "street_address": "",
  },
  Object {
    "backup_phone": "222-2222223",
    "date_of_birth": Any<String>,
    "effica_guid": "{AAAAAAAAAAAAAAAAAAAAAAAAAAAAAAAAAAAAAaa4}",
    "effica_ssn": "010619A9501",
    "email": "fake3@notmaildomain.notext",
    "first_name": "Christian",
    "id": Any<String>,
    "language": "fi",
    "last_name": "Child",
    "nationalities": Array [],
    "phone": "222-2222222",
    "post_office": "Yp채j채",
    "postal_code": "00001",
    "restricted_details_enabled": false,
    "social_security_number": "010619A9501",
    "source_system": "effica",
    "street_address": "HideStreet 2",
  },
  Object {
    "backup_phone": "222-2222223",
    "date_of_birth": Any<String>,
    "effica_guid": "{AAAAAAAAAAAAAAAAAAAAAAAAAAAAAAAAAAAAAaa5}",
    "effica_ssn": "251118A9509",
    "email": "fake3@notmaildomain.notext",
    "first_name": "Camilla",
    "id": Any<String>,
    "language": "fi",
    "last_name": "Child",
    "nationalities": Array [],
    "phone": "222-2222222",
    "post_office": "Tenhola",
    "postal_code": "12000",
    "restricted_details_enabled": false,
    "social_security_number": "251118A9509",
    "source_system": "effica",
    "street_address": "HideStreet 2",
  },
  Object {
    "backup_phone": "",
    "date_of_birth": Any<String>,
    "effica_guid": "{AAAAAAAAAAAAAAAAAAAAAAAAAAAAAAAAAAAAAaa6}",
    "effica_ssn": "181101A9092",
    "email": null,
    "first_name": "",
    "id": Any<String>,
    "language": "fi",
    "last_name": "",
    "nationalities": Array [],
    "phone": "",
    "post_office": "",
    "postal_code": "",
    "restricted_details_enabled": false,
    "social_security_number": "181101A9092",
    "source_system": "effica",
    "street_address": "",
  },
]
`;

exports[`GET /transform positive should return transformed placements 1`] = `
Object {
  "placements": Array [
    Object {
      "child_id": Any<String>,
      "daycare_group_id": Any<String>,
      "effica_placement_nbr": 11,
      "effica_ssn": "010619A9501",
      "end_date": "2021-02-28T00:00:00.000Z",
      "id": Any<String>,
      "start_date": "2020-03-01T00:00:00.000Z",
      "type": "DAYCARE",
      "unit_id": "19fec146-e2f1-11eb-8473-db55258254c5",
    },
    Object {
      "child_id": Any<String>,
      "daycare_group_id": Any<String>,
      "effica_placement_nbr": 12,
      "effica_ssn": "010619A9501",
      "end_date": "2025-07-31T00:00:00.000Z",
      "id": Any<String>,
      "start_date": "2021-03-01T00:00:00.000Z",
      "type": "DAYCARE",
      "unit_id": "19fec146-e2f1-11eb-8473-db55258254c5",
    },
    Object {
      "child_id": Any<String>,
      "daycare_group_id": null,
      "effica_placement_nbr": 13,
      "effica_ssn": "251118A9509",
      "end_date": "2020-12-31T00:00:00.000Z",
      "id": Any<String>,
      "start_date": "2020-03-01T00:00:00.000Z",
      "type": "DAYCARE_PART_TIME",
      "unit_id": "19fec1fa-e2f1-11eb-8473-eb1f7ce94b07",
    },
  ],
  "placementsTodo": Array [
    Object {
      "child_id": Any<String>,
      "daycare_group_id": null,
      "effica_placement_nbr": 14,
      "effica_ssn": "251118A9509",
      "end_date": "2021-12-31T00:00:00.000Z",
      "id": Any<String>,
      "reason": "OVERLAPPING PLACEMENT",
      "start_date": "2021-01-01T00:00:00.000Z",
      "type": "DAYCARE",
      "unit_id": "19fec1fa-e2f1-11eb-8473-eb1f7ce94b07",
    },
    Object {
      "child_id": Any<String>,
      "daycare_group_id": null,
      "effica_placement_nbr": 15,
      "effica_ssn": "251118A9509",
      "end_date": "2024-07-31T00:00:00.000Z",
      "id": Any<String>,
      "reason": "OVERLAPPING PLACEMENT",
      "start_date": "2021-08-01T00:00:00.000Z",
      "type": "DAYCARE",
      "unit_id": "19fec1fa-e2f1-11eb-8473-eb1f7ce94b07",
    },
  ],
  "serviceNeeds": Array [
    Object {
      "effica_extent_code": "100",
      "effica_extent_nbr": 1,
      "effica_placement_nbr": 11,
      "end_date": "2021-02-28T00:00:00.000Z",
      "id": Any<String>,
      "option_id": "86ef70a0-bf85-11eb-91e6-1fb57a101161",
      "placement_id": Any<String>,
      "start_date": "2020-03-01T00:00:00.000Z",
    },
    Object {
      "effica_extent_code": "101",
      "effica_extent_nbr": 2,
      "effica_placement_nbr": 13,
      "end_date": "2020-12-31T00:00:00.000Z",
      "id": Any<String>,
      "option_id": "86ef7370-bf85-11eb-91e7-6fcd728c518d",
      "placement_id": Any<String>,
      "start_date": "2020-03-01T00:00:00.000Z",
    },
  ],
  "serviceNeedsTodo": Array [],
}
`;

exports[`GET /transform positive should return transformed special means 1`] = `
Object {
  "assistanceActions": Array [
    Object {
      "actions": Array [
        "10",
      ],
      "child_id": Any<String>,
      "effica_ssn": "010619A9501",
      "end_date": "2020-05-31T00:00:00.000Z",
      "id": Any<String>,
      "start_date": "2019-08-08T00:00:00.000Z",
    },
  ],
  "assistanceActionsTodo": Array [],
}
`;

exports[`GET /transform positive should return transformed special needs 1`] = `
Object {
  "assistanceNeeds": Array [
    Object {
      "bases": Array [
        "DEVELOPMENTAL_DISABILITY",
      ],
      "child_id": Any<String>,
      "effica_ssn": "010619A9501",
      "end_date": "2020-05-31T00:00:00.000Z",
      "id": Any<String>,
      "start_date": "2019-08-08T00:00:00.000Z",
    },
  ],
  "assistanceNeedsTodo": Array [],
}
`;

exports[`GET /transform positive should return transformed timestamps 1`] = `
Object {
  "childAttendances": Array [
    Object {
      "arrived": "2021-01-01T05:26:00.000Z",
      "child_id": Any<String>,
      "departed": "2021-01-01T14:17:00.000Z",
      "effica_rownumber": 1122,
      "id": Any<String>,
      "unit_id": "19fec1fa-e2f1-11eb-8473-eb1f7ce94b07",
    },
  ],
  "childAttendancesTodo": Array [],
}
`;

exports[`GET /transform positive should return transformed voucher value decisions 1`] = `
Object {
  "decisions": Array [
    Object {
      "base_co_payment": 0,
      "capacity_factor": "0.00",
      "child_date_of_birth": "2019-06-01T00:00:00.000Z",
      "child_id": Any<String>,
      "co_payment": 0,
      "decision_number": "1",
      "effica_decision_date": "2020-12-01T00:00:00.000Z",
      "effica_guid": "10",
      "effica_ssn": "010619A9501",
      "family_size": 5,
      "final_co_payment": 100,
      "head_of_family_id": Any<String>,
      "id": Any<String>,
      "partner_id": Any<String>,
      "placement_unit_id": "19fec146-e2f1-11eb-8473-db55258254c5",
      "service_need_option_id": "86ef70a0-bf85-11eb-91e6-1fb57a101161",
      "sibling_discount": 0,
      "status": "SENT",
      "status_group": "APPROVED",
      "valid_from": "2020-04-01T00:00:00.000Z",
      "valid_to": null,
      "voucher_value": 1000,
    },
  ],
  "decisionsTodo": Array [],
}
`;
