// Jest Snapshot v1, https://goo.gl/fbAQLP

exports[`ylojarvi all placement mappings exists 1`] = `
{
  "municipal": [
    {
      "effica": "Esiopetus 4t/päivä",
      "evaka": {
        "default_option": true,
        "id": "94e44ef1-106b-401d-81b6-8e5c31cd0437",
        "name_fi": "Esiopetus",
        "valid_placement_type": "PRESCHOOL",
      },
    },
    {
      "effica": "Tilapäinen hoito, yli 5 t",
      "evaka": {
        "default_option": true,
        "id": "e1063bee-c19d-469d-85a5-6b0350872d76",
        "name_fi": "Tilapäinen varhaiskasvatus",
        "valid_placement_type": "TEMPORARY_DAYCARE",
      },
    },
    {
      "effica": "Aikaperusteinen 86-120 h/kk",
      "evaka": {
        "default_option": false,
        "id": "86ef70a0-bf85-11eb-91e6-1fb57a101165",
        "name_fi": "Varhaiskasvatus 86–120 tuntia / kuukausi",
        "valid_placement_type": "DAYCARE",
      },
    },
    {
      "effica": "Aikaperusteinen 121-140 h/kk",
      "evaka": {
        "default_option": false,
        "id": "503590f0-b961-11eb-b520-53740af3f7ef",
        "name_fi": "Varhaiskasvatus 121-150 tuntia / kuukausi",
        "valid_placement_type": "DAYCARE",
      },
    },
    {
      "effica": "Aikaperusteinen 141-155 h/kk",
      "evaka": {
        "default_option": false,
        "id": "503590f0-b961-11eb-b520-53740af3f7ef",
        "name_fi": "Varhaiskasvatus 121-150 tuntia / kuukausi",
        "valid_placement_type": "DAYCARE",
      },
    },
    {
      "effica": "Aikaperusteinen 156-170 h/kk",
      "evaka": {
        "default_option": false,
        "id": "503591ae-b961-11eb-b521-1fca99358eed",
        "name_fi": "Varhaiskasvatus yli 151 tuntia / kuukausi",
        "valid_placement_type": "DAYCARE",
      },
    },
    {
      "effica": "Aikaperusteinen yli 171 h/kk",
      "evaka": {
        "default_option": false,
        "id": "503591ae-b961-11eb-b521-1fca99358eed",
        "name_fi": "Varhaiskasvatus yli 151 tuntia / kuukausi",
        "valid_placement_type": "DAYCARE",
      },
    },
    {
      "effica": "Aikaperusteinen   86-120 h/kk",
      "evaka": {
        "default_option": false,
        "id": "86ef70a0-bf85-11eb-91e6-1fb57a101165",
        "name_fi": "Varhaiskasvatus 86–120 tuntia / kuukausi",
        "valid_placement_type": "DAYCARE",
      },
    },
    {
      "effica": "Avoin varhaiskasvatus 2krt/vk",
      "evaka": {
        "default_option": true,
        "id": "ff6ddcd4-fa8a-11eb-8592-2f2b4e398fcb",
        "name_fi": "Kerho",
        "valid_placement_type": "CLUB",
      },
    },
    {
      "effica": "Avoin varhaiskasvatus 1krt/vko",
      "evaka": {
        "default_option": true,
        "id": "ff6ddcd4-fa8a-11eb-8592-2f2b4e398fcb",
        "name_fi": "Kerho",
        "valid_placement_type": "CLUB",
      },
    },
    {
      "effica": "Avoin varhaiskasvatus 3krt/vko",
      "evaka": {
        "default_option": true,
        "id": "ff6ddcd4-fa8a-11eb-8592-2f2b4e398fcb",
        "name_fi": "Kerho",
        "valid_placement_type": "CLUB",
      },
    },
    {
      "effica": "Avoin varhaiskasvatus 4krt/vko",
      "evaka": {
        "default_option": true,
        "id": "ff6ddcd4-fa8a-11eb-8592-2f2b4e398fcb",
        "name_fi": "Kerho",
        "valid_placement_type": "CLUB",
      },
    },
    {
      "effica": "Pkoti/Aikaperusteinen 0h-85h/kk",
      "evaka": {
        "default_option": false,
        "id": "50358394-b961-11eb-b51f-67ac436e5637",
        "name_fi": "Varhaiskasvatus 85 tuntia / kuukausi",
        "valid_placement_type": "DAYCARE",
      },
    },
    {
      "effica": "Pph/Aikaperusteinen 121h-140h/kk",
      "evaka": {
        "default_option": false,
        "id": "503590f0-b961-11eb-b520-53740af3f7ef",
        "name_fi": "Varhaiskasvatus 121-150 tuntia / kuukausi",
        "valid_placement_type": "DAYCARE",
      },
    },
    {
      "effica": "Pph/Aikaperusteinen 141h-155h/kk",
      "evaka": {
        "default_option": false,
        "id": "503590f0-b961-11eb-b520-53740af3f7ef",
        "name_fi": "Varhaiskasvatus 121-150 tuntia / kuukausi",
        "valid_placement_type": "DAYCARE",
      },
    },
    {
      "effica": "Pph/Aikaperusteinen 156h-170h/kk",
      "evaka": {
        "default_option": false,
        "id": "503591ae-b961-11eb-b521-1fca99358eed",
        "name_fi": "Varhaiskasvatus yli 151 tuntia / kuukausi",
        "valid_placement_type": "DAYCARE",
      },
    },
    {
      "effica": "Pph/Aikaperusteinen yli 171h /kk",
      "evaka": {
        "default_option": false,
        "id": "503591ae-b961-11eb-b521-1fca99358eed",
        "name_fi": "Varhaiskasvatus yli 151 tuntia / kuukausi",
        "valid_placement_type": "DAYCARE",
      },
    },
    {
      "effica": "Pkoti/Aikaperusteinen   0h-85h/kk",
      "evaka": {
        "default_option": false,
        "id": "50358394-b961-11eb-b51f-67ac436e5637",
        "name_fi": "Varhaiskasvatus 85 tuntia / kuukausi",
        "valid_placement_type": "DAYCARE",
      },
    },
    {
      "effica": "Vuoroh/Aikaperusteinen  0h-85h/kk",
      "evaka": {
        "default_option": false,
        "id": "50358394-b961-11eb-b51f-67ac436e5637",
        "name_fi": "Varhaiskasvatus 85 tuntia / kuukausi",
        "valid_placement_type": "DAYCARE",
      },
    },
    {
      "effica": "Pkoti/Aikaperusteinen  86h-120h/kk",
      "evaka": {
        "default_option": false,
        "id": "86ef70a0-bf85-11eb-91e6-1fb57a101165",
        "name_fi": "Varhaiskasvatus 86–120 tuntia / kuukausi",
        "valid_placement_type": "DAYCARE",
      },
    },
    {
      "effica": "Pkoti/Aikaperusteinen 121h-140h/kk",
      "evaka": {
        "default_option": false,
        "id": "503590f0-b961-11eb-b520-53740af3f7ef",
        "name_fi": "Varhaiskasvatus 121-150 tuntia / kuukausi",
        "valid_placement_type": "DAYCARE",
      },
    },
    {
      "effica": "Pkoti/Aikaperusteinen 141h-155h/kk",
      "evaka": {
        "default_option": false,
        "id": "503590f0-b961-11eb-b520-53740af3f7ef",
        "name_fi": "Varhaiskasvatus 121-150 tuntia / kuukausi",
        "valid_placement_type": "DAYCARE",
      },
    },
    {
      "effica": "Pkoti/Aikaperusteinen 156h-170h/kk",
      "evaka": {
        "default_option": false,
        "id": "503591ae-b961-11eb-b521-1fca99358eed",
        "name_fi": "Varhaiskasvatus yli 151 tuntia / kuukausi",
        "valid_placement_type": "DAYCARE",
      },
    },
    {
      "effica": "Palveluseteli Aikaperust 86-120h/kk",
      "evaka": {
        "default_option": false,
        "id": "9eb82822-82ef-46fb-a123-29cf0af757b7",
        "name_fi": "Palveluseteli Aikaperusteinen 86 - 120 h",
        "valid_placement_type": "DAYCARE",
      },
    },
    {
      "effica": "Pkoti/Aikaperusteinen yli 171h- /kk",
      "evaka": {
        "default_option": false,
        "id": "503591ae-b961-11eb-b521-1fca99358eed",
        "name_fi": "Varhaiskasvatus yli 151 tuntia / kuukausi",
        "valid_placement_type": "DAYCARE",
      },
    },
    {
      "effica": "Vuoroh/Aikaperusteinen  86h-120h/kk",
      "evaka": {
        "default_option": false,
        "id": "86ef70a0-bf85-11eb-91e6-1fb57a101165",
        "name_fi": "Varhaiskasvatus 86–120 tuntia / kuukausi",
        "valid_placement_type": "DAYCARE",
      },
    },
    {
      "effica": "Vuoroh/Aikaperusteinen 121h-140h/kk",
      "evaka": {
        "default_option": false,
        "id": "503590f0-b961-11eb-b520-53740af3f7ef",
        "name_fi": "Varhaiskasvatus 121-150 tuntia / kuukausi",
        "valid_placement_type": "DAYCARE",
      },
    },
    {
      "effica": "Vuoroh/Aikaperusteinen 141h-155h/kk",
      "evaka": {
        "default_option": false,
        "id": "503590f0-b961-11eb-b520-53740af3f7ef",
        "name_fi": "Varhaiskasvatus 121-150 tuntia / kuukausi",
        "valid_placement_type": "DAYCARE",
      },
    },
    {
      "effica": "Vuoroh/Aikaperusteinen 156h-170h/kk",
      "evaka": {
        "default_option": false,
        "id": "503591ae-b961-11eb-b521-1fca99358eed",
        "name_fi": "Varhaiskasvatus yli 151 tuntia / kuukausi",
        "valid_placement_type": "DAYCARE",
      },
    },
    {
      "effica": "Palveluseteli Aikaperust 121-140h/kk",
      "evaka": {
        "default_option": false,
        "id": "f5d32585-2c78-4434-95d6-30b446db7d4d",
        "name_fi": "Palveluseteli Aikaperusteinen 121 - 140h",
        "valid_placement_type": "DAYCARE",
      },
    },
    {
      "effica": "Palveluseteli Aikaperust 141-155h/kk",
      "evaka": {
        "default_option": false,
        "id": "1b1e6e91-8d54-405c-88f8-2a95d88f8962",
        "name_fi": "Palveluseteli Aikaperusteinen 141 - 155h",
        "valid_placement_type": "DAYCARE",
      },
    },
    {
      "effica": "Palveluseteli Aikaperust 156-170h/kk",
      "evaka": {
        "default_option": false,
        "id": "4d6d632d-d8cf-4b5a-8437-decade30d0c0",
        "name_fi": "Palveluseteli Aikaperusteinen 156 - 170h",
        "valid_placement_type": "DAYCARE",
      },
    },
    {
      "effica": "Palveluseteli Aikaperust yli 171h/kk",
      "evaka": {
        "default_option": false,
        "id": "d7d8b130-ac3b-4447-adc8-ef7f6ef0b653",
        "name_fi": "Palveluseteli Aikaperusteinen yli 171h-",
        "valid_placement_type": "DAYCARE",
      },
    },
    {
      "effica": "Pkoti/Esiop täyd aikaper  0h-85h/kk",
      "evaka": {
        "default_option": false,
        "id": "0a58db0a-6fd1-11ed-a75e-bbde95c1aded",
        "name_fi": "Täydentävä varhaiskasvatus 51–85 tuntia / kuukausi",
        "valid_placement_type": "PRESCHOOL_DAYCARE_ONLY",
      },
    },
    {
      "effica": "Pkoti/Esiop täyd aikaper 51h-85h/kk",
      "evaka": {
        "default_option": false,
        "id": "0a58db0a-6fd1-11ed-a75e-bbde95c1aded",
        "name_fi": "Täydentävä varhaiskasvatus 51–85 tuntia / kuukausi",
        "valid_placement_type": "PRESCHOOL_DAYCARE_ONLY",
      },
    },
    {
      "effica": "Vuoroh/Aikaperusteinen yli 171h- /kk",
      "evaka": {
        "default_option": false,
        "id": "503591ae-b961-11eb-b521-1fca99358eed",
        "name_fi": "Varhaiskasvatus yli 151 tuntia / kuukausi",
        "valid_placement_type": "DAYCARE",
      },
    },
    {
      "effica": "Vuoroh/Esiop täyd aikaper 51-85h/kk",
      "evaka": {
        "default_option": false,
        "id": "0a58db0a-6fd1-11ed-a75e-bbde95c1aded",
        "name_fi": "Täydentävä varhaiskasvatus 51–85 tuntia / kuukausi",
        "valid_placement_type": "PRESCHOOL_DAYCARE_ONLY",
      },
    },
    {
      "effica": "Aikaperusteinen 0-85 h/kk yli 5h/pvä",
      "evaka": {
        "default_option": false,
        "id": "50358394-b961-11eb-b51f-67ac436e5637",
        "name_fi": "Varhaiskasvatus 85 tuntia / kuukausi",
        "valid_placement_type": "DAYCARE",
      },
    },
    {
      "effica": "Pkoti/Esiop täyd aikaper   0h-50h/kk",
      "evaka": {
        "default_option": false,
        "id": "0a58d934-6fd1-11ed-a75e-c353faef5858",
        "name_fi": "Täydentävä varhaiskasvatus 0–50 tuntia / kuukausi",
        "valid_placement_type": "PRESCHOOL_DAYCARE_ONLY",
      },
    },
    {
      "effica": "Vuoroh/Esiop täyd aikaper  0h-50h/kk",
      "evaka": {
        "default_option": false,
        "id": "0a58d934-6fd1-11ed-a75e-c353faef5858",
        "name_fi": "Täydentävä varhaiskasvatus 0–50 tuntia / kuukausi",
        "valid_placement_type": "PRESCHOOL_DAYCARE_ONLY",
      },
    },
    {
      "effica": "Vuoroh/Esiop täyd aikaper  0h-85h/kk",
      "evaka": {
        "default_option": false,
        "id": "0a58db0a-6fd1-11ed-a75e-bbde95c1aded",
        "name_fi": "Täydentävä varhaiskasvatus 51–85 tuntia / kuukausi",
        "valid_placement_type": "PRESCHOOL_DAYCARE_ONLY",
      },
    },
    {
      "effica": "Vuoroh/Esiop täyd aikaper  51-85h/kk",
      "evaka": {
        "default_option": false,
        "id": "0a58db0a-6fd1-11ed-a75e-bbde95c1aded",
        "name_fi": "Täydentävä varhaiskasvatus 51–85 tuntia / kuukausi",
        "valid_placement_type": "PRESCHOOL_DAYCARE_ONLY",
      },
    },
    {
      "effica": "Vuoroh/Esiop täyd aikaper 86-120h/kk",
      "evaka": {
        "default_option": false,
        "id": "0a58dbe6-6fd1-11ed-a75e-5335f2b9a91c",
        "name_fi": "Täydentävä varhaiskasvatus 86–120 tuntia / kuukausi",
        "valid_placement_type": "PRESCHOOL_DAYCARE_ONLY",
      },
    },
    {
      "effica": "Aikaperusteinen 0-85 h/kk alle 5h/pvä",
      "evaka": {
        "default_option": false,
        "id": "50358394-b961-11eb-b51f-67ac436e5637",
        "name_fi": "Varhaiskasvatus 85 tuntia / kuukausi",
        "valid_placement_type": "DAYCARE",
      },
    },
    {
      "effica": "Palveluseteli Aikaperusteinen 0-85h/kk",
      "evaka": {
        "default_option": false,
        "id": "36c8c2ed-7543-47de-bc42-14d163a6277d",
        "name_fi": "Palveluseteli Aikaperusteinen 0 - 85 h",
        "valid_placement_type": "DAYCARE",
      },
    },
    {
      "effica": "Pkoti/Esiop täyd aikaper   51h-85h/kk",
      "evaka": {
        "default_option": false,
        "id": "0a58db0a-6fd1-11ed-a75e-bbde95c1aded",
        "name_fi": "Täydentävä varhaiskasvatus 51–85 tuntia / kuukausi",
        "valid_placement_type": "PRESCHOOL_DAYCARE_ONLY",
      },
    },
    {
      "effica": "Pkoti/Esiop täyd aikaper  86h-120h/kk",
      "evaka": {
        "default_option": false,
        "id": "0a58dbe6-6fd1-11ed-a75e-5335f2b9a91c",
        "name_fi": "Täydentävä varhaiskasvatus 86–120 tuntia / kuukausi",
        "valid_placement_type": "PRESCHOOL_DAYCARE_ONLY",
      },
    },
    {
      "effica": "Pkoti/Esiop täyd aikaper 121h-140h/kk",
      "evaka": {
        "default_option": false,
        "id": "0a58da38-6fd1-11ed-a75e-9b2790b0b4f5",
        "name_fi": "Täydentävä varhaiskasvatus 121–150 tuntia / kuukausi",
        "valid_placement_type": "PRESCHOOL_DAYCARE_ONLY",
      },
    },
    {
      "effica": "Vuoroh/Esiop täyd aikaper  86-120h/kk",
      "evaka": {
        "default_option": false,
        "id": "0a58dbe6-6fd1-11ed-a75e-5335f2b9a91c",
        "name_fi": "Täydentävä varhaiskasvatus 86–120 tuntia / kuukausi",
        "valid_placement_type": "PRESCHOOL_DAYCARE_ONLY",
      },
    },
    {
      "effica": "Vuoroh/Esiop täyd aikaper 121-140h/kk",
      "evaka": {
        "default_option": false,
        "id": "0a58da38-6fd1-11ed-a75e-9b2790b0b4f5",
        "name_fi": "Täydentävä varhaiskasvatus 121–150 tuntia / kuukausi",
        "valid_placement_type": "PRESCHOOL_DAYCARE_ONLY",
      },
    },
    {
      "effica": "Aikaperusteinen   0-85 h/kk yli 5h/pvä",
      "evaka": {
        "default_option": false,
        "id": "50358394-b961-11eb-b51f-67ac436e5637",
        "name_fi": "Varhaiskasvatus 85 tuntia / kuukausi",
        "valid_placement_type": "DAYCARE",
      },
    },
    {
      "effica": "Palveluseteli eo täyd aikap 86-120h/kk",
      "evaka": {
        "default_option": false,
        "id": "ff4268de-0ae6-4e54-abbe-b296f5f03d4b",
        "name_fi": "Palveluseteli eo täyd aikap 86-120h/kk",
        "valid_placement_type": "PRESCHOOL_DAYCARE_ONLY",
      },
    },
    {
      "effica": "Aikaperusteinen   0-85 h/kk alle 5h/pvä",
      "evaka": {
        "default_option": false,
        "id": "50358394-b961-11eb-b51f-67ac436e5637",
        "name_fi": "Varhaiskasvatus 85 tuntia / kuukausi",
        "valid_placement_type": "DAYCARE",
      },
    },
    {
      "effica": "Palveluseteli eo täyd aikap  51h-85h/kk",
      "evaka": {
        "default_option": false,
        "id": "fe0972a5-6ce9-41cc-a635-82fb22e7891b",
        "name_fi": "Palveluseteli eo täyd aikap 51-85h/kk",
        "valid_placement_type": "PRESCHOOL_DAYCARE_ONLY",
      },
    },
    {
      "effica": "Palveluseteli eo täyd aikap 121-140h/kk",
      "evaka": {
        "default_option": false,
        "id": "a8ae87a0-a326-4170-99da-088fb8679797",
        "name_fi": "Palveluseteli eo täyd aikap 121-140h/kk",
        "valid_placement_type": "PRESCHOOL_DAYCARE_ONLY",
      },
    },
  ],
  "voucher": [
    {
      "effica": "Esiopetus 4t/päivä",
      "evaka": {
        "default_option": true,
        "id": "94e44ef1-106b-401d-81b6-8e5c31cd0437",
        "name_fi": "Esiopetus",
        "valid_placement_type": "PRESCHOOL",
      },
    },
    {
      "effica": "Tilapäinen hoito, yli 5 t",
      "evaka": {
        "default_option": true,
        "id": "e1063bee-c19d-469d-85a5-6b0350872d76",
        "name_fi": "Tilapäinen varhaiskasvatus",
        "valid_placement_type": "TEMPORARY_DAYCARE",
      },
    },
    {
      "effica": "Aikaperusteinen 86-120 h/kk",
      "evaka": {
        "default_option": false,
        "id": "86ef70a0-bf85-11eb-91e6-1fb57a101165",
        "name_fi": "Varhaiskasvatus 86–120 tuntia / kuukausi",
        "valid_placement_type": "DAYCARE",
      },
    },
    {
      "effica": "Aikaperusteinen 121-140 h/kk",
      "evaka": {
        "default_option": false,
        "id": "503590f0-b961-11eb-b520-53740af3f7ef",
        "name_fi": "Varhaiskasvatus 121-150 tuntia / kuukausi",
        "valid_placement_type": "DAYCARE",
      },
    },
    {
      "effica": "Aikaperusteinen 141-155 h/kk",
      "evaka": {
        "default_option": false,
        "id": "503590f0-b961-11eb-b520-53740af3f7ef",
        "name_fi": "Varhaiskasvatus 121-150 tuntia / kuukausi",
        "valid_placement_type": "DAYCARE",
      },
    },
    {
      "effica": "Aikaperusteinen 156-170 h/kk",
      "evaka": {
        "default_option": false,
        "id": "503591ae-b961-11eb-b521-1fca99358eed",
        "name_fi": "Varhaiskasvatus yli 151 tuntia / kuukausi",
        "valid_placement_type": "DAYCARE",
      },
    },
    {
      "effica": "Aikaperusteinen yli 171 h/kk",
      "evaka": {
        "default_option": false,
        "id": "503591ae-b961-11eb-b521-1fca99358eed",
        "name_fi": "Varhaiskasvatus yli 151 tuntia / kuukausi",
        "valid_placement_type": "DAYCARE",
      },
    },
    {
      "effica": "Aikaperusteinen   86-120 h/kk",
      "evaka": {
        "default_option": false,
        "id": "86ef70a0-bf85-11eb-91e6-1fb57a101165",
        "name_fi": "Varhaiskasvatus 86–120 tuntia / kuukausi",
        "valid_placement_type": "DAYCARE",
      },
    },
    {
      "effica": "Avoin varhaiskasvatus 2krt/vk",
      "evaka": {
        "default_option": true,
        "id": "ff6ddcd4-fa8a-11eb-8592-2f2b4e398fcb",
        "name_fi": "Kerho",
        "valid_placement_type": "CLUB",
      },
    },
    {
      "effica": "Avoin varhaiskasvatus 1krt/vko",
      "evaka": {
        "default_option": true,
        "id": "ff6ddcd4-fa8a-11eb-8592-2f2b4e398fcb",
        "name_fi": "Kerho",
        "valid_placement_type": "CLUB",
      },
    },
    {
      "effica": "Avoin varhaiskasvatus 3krt/vko",
      "evaka": {
        "default_option": true,
        "id": "ff6ddcd4-fa8a-11eb-8592-2f2b4e398fcb",
        "name_fi": "Kerho",
        "valid_placement_type": "CLUB",
      },
    },
    {
      "effica": "Avoin varhaiskasvatus 4krt/vko",
      "evaka": {
        "default_option": true,
        "id": "ff6ddcd4-fa8a-11eb-8592-2f2b4e398fcb",
        "name_fi": "Kerho",
        "valid_placement_type": "CLUB",
      },
    },
    {
      "effica": "Pkoti/Aikaperusteinen 0h-85h/kk",
      "evaka": {
        "default_option": false,
        "id": "50358394-b961-11eb-b51f-67ac436e5637",
        "name_fi": "Varhaiskasvatus 85 tuntia / kuukausi",
        "valid_placement_type": "DAYCARE",
      },
    },
    {
      "effica": "Pph/Aikaperusteinen 121h-140h/kk",
      "evaka": {
        "default_option": false,
        "id": "503590f0-b961-11eb-b520-53740af3f7ef",
        "name_fi": "Varhaiskasvatus 121-150 tuntia / kuukausi",
        "valid_placement_type": "DAYCARE",
      },
    },
    {
      "effica": "Pph/Aikaperusteinen 141h-155h/kk",
      "evaka": {
        "default_option": false,
        "id": "503590f0-b961-11eb-b520-53740af3f7ef",
        "name_fi": "Varhaiskasvatus 121-150 tuntia / kuukausi",
        "valid_placement_type": "DAYCARE",
      },
    },
    {
      "effica": "Pph/Aikaperusteinen 156h-170h/kk",
      "evaka": {
        "default_option": false,
        "id": "503591ae-b961-11eb-b521-1fca99358eed",
        "name_fi": "Varhaiskasvatus yli 151 tuntia / kuukausi",
        "valid_placement_type": "DAYCARE",
      },
    },
    {
      "effica": "Pph/Aikaperusteinen yli 171h /kk",
      "evaka": {
        "default_option": false,
        "id": "503591ae-b961-11eb-b521-1fca99358eed",
        "name_fi": "Varhaiskasvatus yli 151 tuntia / kuukausi",
        "valid_placement_type": "DAYCARE",
      },
    },
    {
      "effica": "Pkoti/Aikaperusteinen   0h-85h/kk",
      "evaka": {
        "default_option": false,
        "id": "50358394-b961-11eb-b51f-67ac436e5637",
        "name_fi": "Varhaiskasvatus 85 tuntia / kuukausi",
        "valid_placement_type": "DAYCARE",
      },
    },
    {
      "effica": "Vuoroh/Aikaperusteinen  0h-85h/kk",
      "evaka": {
        "default_option": false,
        "id": "50358394-b961-11eb-b51f-67ac436e5637",
        "name_fi": "Varhaiskasvatus 85 tuntia / kuukausi",
        "valid_placement_type": "DAYCARE",
      },
    },
    {
      "effica": "Pkoti/Aikaperusteinen  86h-120h/kk",
      "evaka": {
        "default_option": false,
        "id": "86ef70a0-bf85-11eb-91e6-1fb57a101165",
        "name_fi": "Varhaiskasvatus 86–120 tuntia / kuukausi",
        "valid_placement_type": "DAYCARE",
      },
    },
    {
      "effica": "Pkoti/Aikaperusteinen 121h-140h/kk",
      "evaka": {
        "default_option": false,
        "id": "503590f0-b961-11eb-b520-53740af3f7ef",
        "name_fi": "Varhaiskasvatus 121-150 tuntia / kuukausi",
        "valid_placement_type": "DAYCARE",
      },
    },
    {
      "effica": "Pkoti/Aikaperusteinen 141h-155h/kk",
      "evaka": {
        "default_option": false,
        "id": "503590f0-b961-11eb-b520-53740af3f7ef",
        "name_fi": "Varhaiskasvatus 121-150 tuntia / kuukausi",
        "valid_placement_type": "DAYCARE",
      },
    },
    {
      "effica": "Pkoti/Aikaperusteinen 156h-170h/kk",
      "evaka": {
        "default_option": false,
        "id": "503591ae-b961-11eb-b521-1fca99358eed",
        "name_fi": "Varhaiskasvatus yli 151 tuntia / kuukausi",
        "valid_placement_type": "DAYCARE",
      },
    },
    {
      "effica": "Palveluseteli Aikaperust 86-120h/kk",
      "evaka": {
        "default_option": false,
        "id": "9eb82822-82ef-46fb-a123-29cf0af757b7",
        "name_fi": "Palveluseteli Aikaperusteinen 86 - 120 h",
        "valid_placement_type": "DAYCARE",
      },
    },
    {
      "effica": "Pkoti/Aikaperusteinen yli 171h- /kk",
      "evaka": {
        "default_option": false,
        "id": "503591ae-b961-11eb-b521-1fca99358eed",
        "name_fi": "Varhaiskasvatus yli 151 tuntia / kuukausi",
        "valid_placement_type": "DAYCARE",
      },
    },
    {
      "effica": "Vuoroh/Aikaperusteinen  86h-120h/kk",
      "evaka": {
        "default_option": false,
        "id": "86ef70a0-bf85-11eb-91e6-1fb57a101165",
        "name_fi": "Varhaiskasvatus 86–120 tuntia / kuukausi",
        "valid_placement_type": "DAYCARE",
      },
    },
    {
      "effica": "Vuoroh/Aikaperusteinen 121h-140h/kk",
      "evaka": {
        "default_option": false,
        "id": "503590f0-b961-11eb-b520-53740af3f7ef",
        "name_fi": "Varhaiskasvatus 121-150 tuntia / kuukausi",
        "valid_placement_type": "DAYCARE",
      },
    },
    {
      "effica": "Vuoroh/Aikaperusteinen 141h-155h/kk",
      "evaka": {
        "default_option": false,
        "id": "503590f0-b961-11eb-b520-53740af3f7ef",
        "name_fi": "Varhaiskasvatus 121-150 tuntia / kuukausi",
        "valid_placement_type": "DAYCARE",
      },
    },
    {
      "effica": "Vuoroh/Aikaperusteinen 156h-170h/kk",
      "evaka": {
        "default_option": false,
        "id": "503591ae-b961-11eb-b521-1fca99358eed",
        "name_fi": "Varhaiskasvatus yli 151 tuntia / kuukausi",
        "valid_placement_type": "DAYCARE",
      },
    },
    {
      "effica": "Palveluseteli Aikaperust 121-140h/kk",
      "evaka": {
        "default_option": false,
        "id": "f5d32585-2c78-4434-95d6-30b446db7d4d",
        "name_fi": "Palveluseteli Aikaperusteinen 121 - 140h",
        "valid_placement_type": "DAYCARE",
      },
    },
    {
      "effica": "Palveluseteli Aikaperust 141-155h/kk",
      "evaka": {
        "default_option": false,
        "id": "1b1e6e91-8d54-405c-88f8-2a95d88f8962",
        "name_fi": "Palveluseteli Aikaperusteinen 141 - 155h",
        "valid_placement_type": "DAYCARE",
      },
    },
    {
      "effica": "Palveluseteli Aikaperust 156-170h/kk",
      "evaka": {
        "default_option": false,
        "id": "4d6d632d-d8cf-4b5a-8437-decade30d0c0",
        "name_fi": "Palveluseteli Aikaperusteinen 156 - 170h",
        "valid_placement_type": "DAYCARE",
      },
    },
    {
      "effica": "Palveluseteli Aikaperust yli 171h/kk",
      "evaka": {
        "default_option": false,
        "id": "d7d8b130-ac3b-4447-adc8-ef7f6ef0b653",
        "name_fi": "Palveluseteli Aikaperusteinen yli 171h-",
        "valid_placement_type": "DAYCARE",
      },
    },
    {
      "effica": "Pkoti/Esiop täyd aikaper  0h-85h/kk",
      "evaka": {
        "default_option": false,
        "id": "0a58db0a-6fd1-11ed-a75e-bbde95c1aded",
        "name_fi": "Täydentävä varhaiskasvatus 51–85 tuntia / kuukausi",
        "valid_placement_type": "PRESCHOOL_DAYCARE_ONLY",
      },
    },
    {
      "effica": "Pkoti/Esiop täyd aikaper 51h-85h/kk",
      "evaka": {
        "default_option": false,
        "id": "0a58db0a-6fd1-11ed-a75e-bbde95c1aded",
        "name_fi": "Täydentävä varhaiskasvatus 51–85 tuntia / kuukausi",
        "valid_placement_type": "PRESCHOOL_DAYCARE_ONLY",
      },
    },
    {
      "effica": "Vuoroh/Aikaperusteinen yli 171h- /kk",
      "evaka": {
        "default_option": false,
        "id": "503591ae-b961-11eb-b521-1fca99358eed",
        "name_fi": "Varhaiskasvatus yli 151 tuntia / kuukausi",
        "valid_placement_type": "DAYCARE",
      },
    },
    {
      "effica": "Vuoroh/Esiop täyd aikaper 51-85h/kk",
      "evaka": {
        "default_option": false,
        "id": "0a58db0a-6fd1-11ed-a75e-bbde95c1aded",
        "name_fi": "Täydentävä varhaiskasvatus 51–85 tuntia / kuukausi",
        "valid_placement_type": "PRESCHOOL_DAYCARE_ONLY",
      },
    },
    {
      "effica": "Aikaperusteinen 0-85 h/kk yli 5h/pvä",
      "evaka": {
        "default_option": false,
        "id": "50358394-b961-11eb-b51f-67ac436e5637",
        "name_fi": "Varhaiskasvatus 85 tuntia / kuukausi",
        "valid_placement_type": "DAYCARE",
      },
    },
    {
      "effica": "Pkoti/Esiop täyd aikaper   0h-50h/kk",
      "evaka": {
        "default_option": false,
        "id": "0a58d934-6fd1-11ed-a75e-c353faef5858",
        "name_fi": "Täydentävä varhaiskasvatus 0–50 tuntia / kuukausi",
        "valid_placement_type": "PRESCHOOL_DAYCARE_ONLY",
      },
    },
    {
      "effica": "Vuoroh/Esiop täyd aikaper  0h-50h/kk",
      "evaka": {
        "default_option": false,
        "id": "0a58d934-6fd1-11ed-a75e-c353faef5858",
        "name_fi": "Täydentävä varhaiskasvatus 0–50 tuntia / kuukausi",
        "valid_placement_type": "PRESCHOOL_DAYCARE_ONLY",
      },
    },
    {
      "effica": "Vuoroh/Esiop täyd aikaper  0h-85h/kk",
      "evaka": {
        "default_option": false,
        "id": "0a58db0a-6fd1-11ed-a75e-bbde95c1aded",
        "name_fi": "Täydentävä varhaiskasvatus 51–85 tuntia / kuukausi",
        "valid_placement_type": "PRESCHOOL_DAYCARE_ONLY",
      },
    },
    {
      "effica": "Vuoroh/Esiop täyd aikaper  51-85h/kk",
      "evaka": {
        "default_option": false,
        "id": "0a58db0a-6fd1-11ed-a75e-bbde95c1aded",
        "name_fi": "Täydentävä varhaiskasvatus 51–85 tuntia / kuukausi",
        "valid_placement_type": "PRESCHOOL_DAYCARE_ONLY",
      },
    },
    {
      "effica": "Vuoroh/Esiop täyd aikaper 86-120h/kk",
      "evaka": {
        "default_option": false,
        "id": "0a58dbe6-6fd1-11ed-a75e-5335f2b9a91c",
        "name_fi": "Täydentävä varhaiskasvatus 86–120 tuntia / kuukausi",
        "valid_placement_type": "PRESCHOOL_DAYCARE_ONLY",
      },
    },
    {
      "effica": "Aikaperusteinen 0-85 h/kk alle 5h/pvä",
      "evaka": {
        "default_option": false,
        "id": "50358394-b961-11eb-b51f-67ac436e5637",
        "name_fi": "Varhaiskasvatus 85 tuntia / kuukausi",
        "valid_placement_type": "DAYCARE",
      },
    },
    {
      "effica": "Palveluseteli Aikaperusteinen 0-85h/kk",
      "evaka": {
        "default_option": false,
        "id": "36c8c2ed-7543-47de-bc42-14d163a6277d",
        "name_fi": "Palveluseteli Aikaperusteinen 0 - 85 h",
        "valid_placement_type": "DAYCARE",
      },
    },
    {
      "effica": "Pkoti/Esiop täyd aikaper   51h-85h/kk",
      "evaka": {
        "default_option": false,
        "id": "0a58db0a-6fd1-11ed-a75e-bbde95c1aded",
        "name_fi": "Täydentävä varhaiskasvatus 51–85 tuntia / kuukausi",
        "valid_placement_type": "PRESCHOOL_DAYCARE_ONLY",
      },
    },
    {
      "effica": "Pkoti/Esiop täyd aikaper  86h-120h/kk",
      "evaka": {
        "default_option": false,
        "id": "0a58dbe6-6fd1-11ed-a75e-5335f2b9a91c",
        "name_fi": "Täydentävä varhaiskasvatus 86–120 tuntia / kuukausi",
        "valid_placement_type": "PRESCHOOL_DAYCARE_ONLY",
      },
    },
    {
      "effica": "Pkoti/Esiop täyd aikaper 121h-140h/kk",
      "evaka": {
        "default_option": false,
        "id": "0a58da38-6fd1-11ed-a75e-9b2790b0b4f5",
        "name_fi": "Täydentävä varhaiskasvatus 121–150 tuntia / kuukausi",
        "valid_placement_type": "PRESCHOOL_DAYCARE_ONLY",
      },
    },
    {
      "effica": "Vuoroh/Esiop täyd aikaper  86-120h/kk",
      "evaka": {
        "default_option": false,
        "id": "0a58dbe6-6fd1-11ed-a75e-5335f2b9a91c",
        "name_fi": "Täydentävä varhaiskasvatus 86–120 tuntia / kuukausi",
        "valid_placement_type": "PRESCHOOL_DAYCARE_ONLY",
      },
    },
    {
      "effica": "Vuoroh/Esiop täyd aikaper 121-140h/kk",
      "evaka": {
        "default_option": false,
        "id": "0a58da38-6fd1-11ed-a75e-9b2790b0b4f5",
        "name_fi": "Täydentävä varhaiskasvatus 121–150 tuntia / kuukausi",
        "valid_placement_type": "PRESCHOOL_DAYCARE_ONLY",
      },
    },
    {
      "effica": "Aikaperusteinen   0-85 h/kk yli 5h/pvä",
      "evaka": {
        "default_option": false,
        "id": "50358394-b961-11eb-b51f-67ac436e5637",
        "name_fi": "Varhaiskasvatus 85 tuntia / kuukausi",
        "valid_placement_type": "DAYCARE",
      },
    },
    {
      "effica": "Palveluseteli eo täyd aikap 86-120h/kk",
      "evaka": {
        "default_option": false,
        "id": "ff4268de-0ae6-4e54-abbe-b296f5f03d4b",
        "name_fi": "Palveluseteli eo täyd aikap 86-120h/kk",
        "valid_placement_type": "PRESCHOOL_DAYCARE_ONLY",
      },
    },
    {
      "effica": "Aikaperusteinen   0-85 h/kk alle 5h/pvä",
      "evaka": {
        "default_option": false,
        "id": "50358394-b961-11eb-b51f-67ac436e5637",
        "name_fi": "Varhaiskasvatus 85 tuntia / kuukausi",
        "valid_placement_type": "DAYCARE",
      },
    },
    {
      "effica": "Palveluseteli eo täyd aikap  51h-85h/kk",
      "evaka": {
        "default_option": false,
        "id": "fe0972a5-6ce9-41cc-a635-82fb22e7891b",
        "name_fi": "Palveluseteli eo täyd aikap 51-85h/kk",
        "valid_placement_type": "PRESCHOOL_DAYCARE_ONLY",
      },
    },
    {
      "effica": "Palveluseteli eo täyd aikap 121-140h/kk",
      "evaka": {
        "default_option": false,
        "id": "a8ae87a0-a326-4170-99da-088fb8679797",
        "name_fi": "Palveluseteli eo täyd aikap 121-140h/kk",
        "valid_placement_type": "PRESCHOOL_DAYCARE_ONLY",
      },
    },
  ],
}
`;
